2025-04-04 05:08:47.515845 - Received CBT.V508.FILE150.PDS from FILE150.XMI 
2025-04-04 05:08:47.516781 - Found $$$#DATE.txt (text/plain) in CBT.V508.FILE150.PDS, moved to PDS/$$$#DATE
2025-04-04 05:08:47.516924 - Found $$INDEX.txt (text/plain) in CBT.V508.FILE150.PDS, moved to PDS/$$INDEX
2025-04-04 05:08:47.517060 - Found $INSTALL.txt (text/plain) in CBT.V508.FILE150.PDS, moved to PDS/$INSTALL
2025-04-04 05:08:47.517182 - Found $MRMCBT.jcl (text/plain) in CBT.V508.FILE150.PDS, moved to PDS/$MRMCBT
2025-04-04 05:08:47.517305 - Found $NOTES.txt (text/plain) in CBT.V508.FILE150.PDS, moved to PDS/$NOTES
2025-04-04 05:08:47.517420 - Found $OVRVIEW.txt (text/plain) in CBT.V508.FILE150.PDS, moved to PDS/$OVRVIEW
2025-04-04 05:08:47.517554 - Found $SAMPLE.txt (text/plain) in CBT.V508.FILE150.PDS, moved to PDS/$SAMPLE
2025-04-04 05:08:47.517670 - Found @FILE150.txt (text/plain) in CBT.V508.FILE150.PDS, moved to PDS/@FILE150
2025-04-04 05:08:47.517871 - Found CMT.txt (text/plain) in CBT.V508.FILE150.PDS, moved to PDS/CMT
2025-04-04 05:08:47.517989 - Found MMTV01.txt (text/plain) in CBT.V508.FILE150.PDS, moved to PDS/MMTV01
2025-04-04 05:08:47.518106 - Found NICKNAME.txt (text/plain) in CBT.V508.FILE150.PDS, moved to PDS/NICKNAME
2025-04-04 05:08:47.518246 - Found PMT.txt (text/plain) in CBT.V508.FILE150.PDS, moved to PDS/PMT
2025-04-04 05:08:47.518371 - Found PMTDESTT.txt (text/plain) in CBT.V508.FILE150.PDS, moved to PDS/PMTDESTT
2025-04-04 05:08:47.518485 - Found PMTDSNT.txt (text/plain) in CBT.V508.FILE150.PDS, moved to PDS/PMTDSNT
2025-04-04 05:08:47.518599 - Found PMTLOGT.txt (text/plain) in CBT.V508.FILE150.PDS, moved to PDS/PMTLOGT
2025-04-04 05:08:47.518718 - Found PMTMAINT.txt (text/plain) in CBT.V508.FILE150.PDS, moved to PDS/PMTMAINT
2025-04-04 05:08:47.518847 - Found PMTOPTT.txt (text/plain) in CBT.V508.FILE150.PDS, moved to PDS/PMTOPTT
2025-04-04 05:08:47.518958 - Found PMTOVERT.txt (text/plain) in CBT.V508.FILE150.PDS, moved to PDS/PMTOVERT
2025-04-04 05:08:47.519081 - Found PMTRECVT.txt (text/plain) in CBT.V508.FILE150.PDS, moved to PDS/PMTRECVT
2025-04-04 05:08:47.519203 - Found PMTREC2T.txt (text/plain) in CBT.V508.FILE150.PDS, moved to PDS/PMTREC2T
2025-04-04 05:08:47.519324 - Found PMTREC3T.txt (text/plain) in CBT.V508.FILE150.PDS, moved to PDS/PMTREC3T
2025-04-04 05:08:47.519437 - Found PMTREC4T.txt (text/plain) in CBT.V508.FILE150.PDS, moved to PDS/PMTREC4T
2025-04-04 05:08:47.519564 - Found TSOHELP.txt (text/plain) in CBT.V508.FILE150.PDS, moved to PDS/TSOHELP
